---
source: crates/proef-cli/tests/corpus.rs
expression: stderr
---
proef::pack::pattern_no_anchor

  × macro `bare`: pattern has no literal text to match on — a bare capture matches every step
   ╭─[tests/errors/pack__pattern_no_anchor/packs/broken.yaml:2:3]
 1 │ macros:
 2 │   bare:
   ·   ────
 3 │     params: [a]
   ╰────

1 error(s)
