---
source: crates/proef-cli/tests/corpus.rs
expression: stderr
---
proef::feature::parse (https://emrecdr.github.io/proef/DIAGNOSTICS.html)

  × the feature file does not parse: Error at 1:14: {"success"}
   ╭─[tests/errors/feature__parse/case.feature:1:14]
 1 │ Feature broken here
   ·              ─
 2 │ Scenario: S
   ╰────
  help: a feature file opens with `Feature:` and holds `Scenario:` blocks of Given/When/Then prose — the docs' Writing scenarios page walks the shape; an unterminated `"""` docstring is the most
        common way a file stops parsing

1 error(s)
