---
source: crates/proef-cli/tests/corpus.rs
expression: stderr
---
proef::pack::pattern_duplicate_capture

  × macro `move`: capture `{x}` appears more than once — a later match would silently overwrite the earlier value
   ╭─[tests/errors/pack__pattern_duplicate_capture/packs/broken.yaml:4:5]
 3 │     params: [x]
 4 │     match: move {x} to {x}
   ·     ──────────────────────
 5 │     steps:
   ╰────

1 error(s)
