---
source: crates/proef-cli/tests/corpus.rs
expression: stderr
---
proef::pack::yaml

  × pack is not valid YAML for the pack schema: unknown field `bogus`, expected `macros` at line 2 column 1
   ╭─[tests/errors/pack__yaml/packs/broken.yaml:2:1]
 1 │ macros: {}
 2 │ bogus: true
   · ─
   ╰────

1 error(s)
