---
source: crates/proef-cli/tests/corpus.rs
expression: stderr
---
proef::pack::adjacent_captures

  × macro `glued`: adjacent captures `{a}{b}` are ambiguous — put literal text between them
   ╭─[tests/errors/pack__adjacent_captures/packs/broken.yaml:2:3]
 1 │ templates:
 2 │   glued:
   ·   ─────
 3 │     params: [a, b]
   ╰────

1 error(s)
