---
source: crates/proef-cli/tests/corpus.rs
expression: "String::from_utf8(content_a).unwrap()"
---
{
  "schema": 1,
  "entries": [
    {
      "hurl_lines": [
        6,
        15
      ],
      "feature": {
        "file": "tests/features/520_api_breadth.feature",
        "line": 7,
        "text": "a member posts a custom note"
      },
      "optional": false,
      "captures": [],
      "batch": 0,
      "step": 0
    },
    {
      "hurl_lines": [
        15,
        15
      ],
      "feature": {
        "file": "tests/features/520_api_breadth.feature",
        "line": 11,
        "text": "the response status is 201"
      },
      "optional": false,
      "captures": [],
      "batch": 0,
      "step": 1
    }
  ]
}
