---
source: crates/proef-cli/tests/corpus.rs
expression: stderr
---
proef::pack::unknown_step_kind

  × macro `clicky` step 0: step kind `web:` is not claimed by any registered engine
   ╭─[tests/errors/pack__unknown_step_kind/packs/broken.yaml:2:3]
 1 │ macros:
 2 │   clicky:
   ·   ──────
 3 │     match: I click around
   ╰────

1 error(s)
