---
source: crates/proef-cli/tests/corpus.rs
expression: stderr
---
proef::pack::invalid_hurl

  × macro `broken` step 0: payload does not parse: ResponseSectionName { name: "Wrong" } (payload line 3, column 2)
   ╭─[tests/errors/pack__invalid_hurl/packs/broken.yaml:8:11]
 7 │           HTTP 200
 8 │           [Wrong]
   ·           ───────
   ╰────

1 error(s)
