---
source: crates/proef-cli/tests/corpus.rs
expression: stderr
---
proef::pack::bind_without_ref

  × macro `boundNothing` step 0: `bind:` supplies a fragment's `{{…}}` variables, so it needs a `ref:` — an inline `hurl:` block takes `${…}` instead
   ╭─[tests/errors/pack__bind_without_ref/packs/broken.yaml:2:3]
 1 │ macros:
 2 │   boundNothing:
   ·   ────────────
 3 │     match: the binding has nothing to bind
   ╰────

1 error(s)
