---
source: crates/proef-cli/tests/corpus.rs
expression: stderr
---
proef::pack::use_cycle (https://emrecdr.github.io/proef/DIAGNOSTICS.html)

  × `use:` cycle: `alpha` → `beta` → `alpha`
   ╭─[tests/errors/pack__use_cycle/packs/broken.yaml:6:3]
 5 │       - use: beta
 6 │   beta:
   ·   ────
 7 │     steps:
   ╰────
  help: `use:` composition must be a tree: pull the shared steps into a third macro both sides `use:`, instead of pointing at each other

1 error(s)
