---
source: crates/proef-cli/tests/corpus.rs
expression: "String::from_utf8(content_a).unwrap()"
---
{
  "schema": 1,
  "entries": [
    {
      "hurl_lines": [
        6,
        12
      ],
      "feature": {
        "file": "tests/features/520_api_breadth.feature",
        "line": 14,
        "text": "the profile form is submitted for Bakker"
      },
      "optional": false,
      "captures": [],
      "batch": 0,
      "step": 0
    }
  ]
}
