---
source: crates/proef-cli/tests/execute.rs
expression: events
---
{"event":"run_started","schema":1,"run_id":"[run-id]"}
{"event":"scenario_started","scenario":"reference","file":"suite/case.feature","timestamp_ms":0,"worker":0}
{"event":"batch_started","scenario":"reference","engine":"hurl","steps":1}
{"event":"entry_running","scenario":"reference","engine":"hurl","entry":0,"retry":0}
{"event":"step_finished","scenario":"reference","engine":"hurl","step":{"file":"suite/case.feature","line":4,"text":"the cookie session is exercised"},"status":"passed","attempts":1,"duration_ms":0,"captures":[],"label":"obtain the session cookie"}
{"event":"batch_started","scenario":"reference","engine":"hurl","steps":1}
{"event":"entry_running","scenario":"reference","engine":"hurl","entry":1,"retry":0}
{"event":"step_finished","scenario":"reference","engine":"hurl","step":{"file":"suite/case.feature","line":4,"text":"the cookie session is exercised"},"status":"passed","attempts":1,"duration_ms":0,"captures":[],"label":"optional probe (forces a split)"}
{"event":"batch_started","scenario":"reference","engine":"hurl","steps":2}
{"event":"entry_running","scenario":"reference","engine":"hurl","entry":2,"retry":0}
{"event":"step_finished","scenario":"reference","engine":"hurl","step":{"file":"suite/case.feature","line":4,"text":"the cookie session is exercised"},"status":"passed","attempts":1,"duration_ms":0,"captures":[],"label":"cookie survives the split"}
{"event":"step_finished","scenario":"reference","engine":"hurl","step":{"file":"suite/case.feature","line":5,"text":"the response status is 200"},"status":"passed","attempts":1,"duration_ms":0,"captures":[]}
{"event":"scenario_finished","scenario":"reference","file":"suite/case.feature","status":"passed","timestamp_ms":0}
{"event":"run_finished","passed":1,"failed":0,"skipped":0}
